[DB] GetType 失败: Server.DBModels.AccountInfo
[DB] fallback 结果: null
[DB] GetType 失败: Server.DBModels.AuctionHistoryInfo
[DB] fallback 结果: null
[DB] GetType 失败: Server.DBModels.AuctionInfo
[DB] fallback 结果: null
[DB] GetType 失败: Server.DBModels.AutoPotionLink
[DB] fallback 结果: null
[DB] GetType 失败: Server.DBModels.BlockInfo
[DB] fallback 结果: null
[DB] GetType 失败: Server.DBModels.BuffInfo
[DB] fallback 结果: null
[DB] GetType 失败: Server.DBModels.CharacterBeltLink
[DB] fallback 结果: null
[DB] GetType 失败: Server.DBModels.CharacterInfo
[DB] fallback 结果: null
[DB] GetType 失败: Server.DBModels.CompanionFilters
[DB] fallback 结果: null
[DB] GetType 失败: Server.DBModels.FriendInfo
[DB] fallback 结果: null
[DB] GetType 失败: Server.DBModels.GameGoldPayment
[DB] fallback 结果: null
[DB] GetType 失败: Server.DBModels.GameNPCList
[DB] fallback 结果: null
[DB] GetType 失败: Server.DBModels.GameStoreFavourite
[DB] fallback 结果: null
[DB] GetType 失败: Server.DBModels.GameStoreSale
[DB] fallback 结果: null
[DB] GetType 失败: Server.DBModels.GuildInfo
[DB] fallback 结果: null
[DB] GetType 失败: Server.DBModels.GuildMemberInfo
[DB] fallback 结果: null
[DB] GetType 失败: Server.DBModels.GuildWarInfo
[DB] fallback 结果: null
[DB] GetType 失败: Server.DBModels.MailInfo
[DB] fallback 结果: null
[DB] GetType 失败: Server.DBModels.RefineInfo
[DB] fallback 结果: null
[DB] GetType 失败: Server.DBModels.UserCompanion
[DB] fallback 结果: null
[DB] GetType 失败: Server.DBModels.UserCompanionUnlock
[DB] fallback 结果: null
[DB] GetType 失败: Server.DBModels.UserConquest
[DB] fallback 结果: null
[DB] GetType 失败: Server.DBModels.UserConquestStats
[DB] fallback 结果: null
[DB] GetType 失败: Server.DBModels.UserCurrency
[DB] fallback 结果: null
[DB] GetType 失败: Server.DBModels.UserDiscipline
[DB] fallback 结果: null
[DB] GetType 失败: Server.DBModels.UserDrop
[DB] fallback 结果: null
[DB] GetType 失败: Server.DBModels.UserFortuneInfo
[DB] fallback 结果: null
[DB] GetType 失败: Server.DBModels.UserItem
[DB] fallback 结果: null
[DB] GetType 失败: Server.DBModels.UserItemSocket
[DB] fallback 结果: null
[DB] GetType 失败: Server.DBModels.UserItemStat
[DB] fallback 结果: null
[DB] GetType 失败: Server.DBModels.UserMagic
[DB] fallback 结果: null
[DB] GetType 失败: Server.DBModels.UserMilestoneLog
[DB] fallback 结果: null
[DB] GetType 失败: Server.DBModels.UserMilestone
[DB] fallback 结果: null
[DB] GetType 失败: Server.DBModels.UserQuest
[DB] fallback 结果: null
[DB] GetType 失败: Server.DBModels.UserQuestTask
[DB] fallback 结果: null
库路径: /home/tetsuya/development/zircon/Debug/ServerCore/Database/System.db 存在=True
批准计划：NPC 73 条，RespawnInfo 18 条，scope=all，模式=写库
服务端备份 -> /home/tetsuya/development/zircon/Debug/ServerCore/Database/Backup/npc-monster-align-20260926-154039/System.db
客户端备份 -> /home/tetsuya/development/zircon/Debug/Client/Data/../Backup/npc-monster-align-20260926-154039/System.db
写库完成：NPC 73，RespawnInfo 18，新建 MapRegion 0
客户端 System.db 已同步 -> /home/tetsuya/development/zircon/Debug/Client/Data/System.db
[DB] GetType 失败: Server.DBModels.AccountInfo
[DB] fallback 结果: null
[DB] GetType 失败: Server.DBModels.AuctionHistoryInfo
[DB] fallback 结果: null
[DB] GetType 失败: Server.DBModels.AuctionInfo
[DB] fallback 结果: null
[DB] GetType 失败: Server.DBModels.AutoPotionLink
[DB] fallback 结果: null
[DB] GetType 失败: Server.DBModels.BlockInfo
[DB] fallback 结果: null
[DB] GetType 失败: Server.DBModels.BuffInfo
[DB] fallback 结果: null
[DB] GetType 失败: Server.DBModels.CharacterBeltLink
[DB] fallback 结果: null
[DB] GetType 失败: Server.DBModels.CharacterInfo
[DB] fallback 结果: null
[DB] GetType 失败: Server.DBModels.CompanionFilters
[DB] fallback 结果: null
[DB] GetType 失败: Server.DBModels.FriendInfo
[DB] fallback 结果: null
[DB] GetType 失败: Server.DBModels.GameGoldPayment
[DB] fallback 结果: null
[DB] GetType 失败: Server.DBModels.GameNPCList
[DB] fallback 结果: null
[DB] GetType 失败: Server.DBModels.GameStoreFavourite
[DB] fallback 结果: null
[DB] GetType 失败: Server.DBModels.GameStoreSale
[DB] fallback 结果: null
[DB] GetType 失败: Server.DBModels.GuildInfo
[DB] fallback 结果: null
[DB] GetType 失败: Server.DBModels.GuildMemberInfo
[DB] fallback 结果: null
[DB] GetType 失败: Server.DBModels.GuildWarInfo
[DB] fallback 结果: null
[DB] GetType 失败: Server.DBModels.MailInfo
[DB] fallback 结果: null
[DB] GetType 失败: Server.DBModels.RefineInfo
[DB] fallback 结果: null
[DB] GetType 失败: Server.DBModels.UserCompanion
[DB] fallback 结果: null
[DB] GetType 失败: Server.DBModels.UserCompanionUnlock
[DB] fallback 结果: null
[DB] GetType 失败: Server.DBModels.UserConquest
[DB] fallback 结果: null
[DB] GetType 失败: Server.DBModels.UserConquestStats
[DB] fallback 结果: null
[DB] GetType 失败: Server.DBModels.UserCurrency
[DB] fallback 结果: null
[DB] GetType 失败: Server.DBModels.UserDiscipline
[DB] fallback 结果: null
[DB] GetType 失败: Server.DBModels.UserDrop
[DB] fallback 结果: null
[DB] GetType 失败: Server.DBModels.UserFortuneInfo
[DB] fallback 结果: null
[DB] GetType 失败: Server.DBModels.UserItem
[DB] fallback 结果: null
[DB] GetType 失败: Server.DBModels.UserItemSocket
[DB] fallback 结果: null
[DB] GetType 失败: Server.DBModels.UserItemStat
[DB] fallback 结果: null
[DB] GetType 失败: Server.DBModels.UserMagic
[DB] fallback 结果: null
[DB] GetType 失败: Server.DBModels.UserMilestoneLog
[DB] fallback 结果: null
[DB] GetType 失败: Server.DBModels.UserMilestone
[DB] fallback 结果: null
[DB] GetType 失败: Server.DBModels.UserQuest
[DB] fallback 结果: null
[DB] GetType 失败: Server.DBModels.UserQuestTask
[DB] fallback 结果: null
round-trip 通过：NPC 73，RespawnInfo 18，scope=all，双库 SHA-256 一致
